﻿
> maison-veda-retreat@1.0.0 build
> vite build

[36mvite v5.4.21 [32mbuilding for production...[36m[39m
transforming...
npm : Error: Could not resolve value for theme function: 
`theme(colors.veda.dark)`. Consider checking if the path is correct 
or provide a fallback value to silence this error.
Au caractère Ligne:1 : 1
+ npm run build > build_output.txt 2>&1
+ ~~~~~~~~~~~~~~~~~~~~~~~~~~~~~~~~~~~~~
    + CategoryInfo          : NotSpecified: (Error: Could no...nce  
   this error.:String) [], RemoteException
    + FullyQualifiedErrorId : NativeCommandError
 
    at Object.So [as theme] (G:\Antigravity Projects\Maison Veda Ret
reat\node_modules\@tailwindcss\node\node_modules\tailwindcss\dist\li
b.js:13:5816)
    at G:\Antigravity Projects\Maison Veda Retreat\node_modules\@tai
lwindcss\node\node_modules\tailwindcss\dist\lib.js:13:6497
    at Pr (G:\Antigravity Projects\Maison Veda Retreat\node_modules\
@tailwindcss\node\node_modules\tailwindcss\dist\lib.js:3:1733)
    at _ (G:\Antigravity Projects\Maison Veda Retreat\node_modules\@
tailwindcss\node\node_modules\tailwindcss\dist\lib.js:3:1377)
    at ii (G:\Antigravity Projects\Maison Veda Retreat\node_modules\
@tailwindcss\node\node_modules\tailwindcss\dist\lib.js:13:6389)
    at G:\Antigravity Projects\Maison Veda Retreat\node_modules\@tai
lwindcss\node\node_modules\tailwindcss\dist\lib.js:13:6161
    at Pr (G:\Antigravity Projects\Maison Veda Retreat\node_modules\
@tailwindcss\node\node_modules\tailwindcss\dist\lib.js:3:1733)
    at _ (G:\Antigravity Projects\Maison Veda Retreat\node_modules\@
tailwindcss\node\node_modules\tailwindcss\dist\lib.js:3:1377)
    at Fe (G:\Antigravity Projects\Maison Veda Retreat\node_modules\
@tailwindcss\node\node_modules\tailwindcss\dist\lib.js:13:6086)
    at pn (G:\Antigravity Projects\Maison Veda Retreat\node_modules\
@tailwindcss\node\node_modules\tailwindcss\dist\lib.js:38:283)
[32mÔ£ô[39m 7 modules transformed.
[31mx[39m Build failed in 622ms
[31merror during build:
[31m[vite:css] [postcss] tailwindcss: G:/Antigravity 
Projects/Maison Veda Retreat/src/index.css:1:1: Could not resolve 
value for theme function: `theme(colors.veda.dark)`. Consider 
checking if the path is correct or provide a fallback value to 
silence this error.[31m
file: [36mG:/Antigravity Projects/Maison Veda 
Retreat/src/index.css:1:0[31m
    at Input.error (G:\Antigravity Projects\Maison Veda 
Retreat\node_modules\postcss\lib\input.js:135:16)
    at Root.error (G:\Antigravity Projects\Maison Veda 
Retreat\node_modules\postcss\lib\node.js:146:32)
    at Object.Once (G:\Antigravity Projects\Maison Veda 
Retreat\node_modules\@tailwindcss\postcss\dist\index.js:10:6913)
    at async LazyResult.runAsync (G:\Antigravity Projects\Maison 
Veda Retreat\node_modules\postcss\lib\lazy-result.js:293:11)
    at async compileCSS (file:///G:/Antigravity%20Projects/Maison%20
Veda%20Retreat/node_modules/vite/dist/node/chunks/dep-BK3b2jBa.js:36
898:21)
    at async Object.transform (file:///G:/Antigravity%20Projects/Mai
son%20Veda%20Retreat/node_modules/vite/dist/node/chunks/dep-BK3b2jBa
.js:36171:11)
    at async transform (file:///G:/Antigravity%20Projects/Maison%20V
eda%20Retreat/node_modules/rollup/dist/es/shared/node-entry.js:21269
:16)
    at async ModuleLoader.addModuleSource (file:///G:/Antigravity%20
Projects/Maison%20Veda%20Retreat/node_modules/rollup/dist/es/shared/
node-entry.js:21497:36)[39m
